// Jest Snapshot v1, https://goo.gl/fbAQLP

exports[`renders components: test color switch action: default dark  1`] = `
<button
  aria-label="Switch to dark mode"
  class="chakra-button css-14uqn0c"
  data-testid="switcherButton"
  type="button"
>
  <svg
    aria-hidden="true"
    fill="currentColor"
    focusable="false"
    height="1em"
    stroke="currentColor"
    stroke-width="0"
    viewBox="0 0 24 24"
    width="1em"
    xmlns="http://www.w3.org/2000/svg"
  >
    <path
      d="M0 0h24v24H0V0z"
      fill="none"
    />
    <path
      d="M9.5 2c-1.82 0-3.53.5-5 1.35 2.99 1.73 5 4.95 5 8.65s-2.01 6.92-5 8.65c1.47.85 3.18 1.35 5 1.35 5.52 0 10-4.48 10-10S15.02 2 9.5 2z"
    />
  </svg>
</button>
`;

exports[`renders components: test color switch action: switch mode  1`] = `
<button
  aria-label="Switch to dark mode"
  class="chakra-button css-14uqn0c"
  data-testid="switcherButton"
  type="button"
>
  <svg
    aria-hidden="true"
    fill="currentColor"
    focusable="false"
    height="1em"
    stroke="currentColor"
    stroke-width="0"
    viewBox="0 0 24 24"
    width="1em"
    xmlns="http://www.w3.org/2000/svg"
  >
    <path
      d="M0 0h24v24H0V0z"
      fill="none"
    />
    <path
      d="M9.5 2c-1.82 0-3.53.5-5 1.35 2.99 1.73 5 4.95 5 8.65s-2.01 6.92-5 8.65c1.47.85 3.18 1.35 5 1.35 5.52 0 10-4.48 10-10S15.02 2 9.5 2z"
    />
  </svg>
</button>
`;
